---
source: tests/macros.rs
assertion_line: 170
input_file: tests/sabry_output/scopes/use_forwarded_scss.css
snapshot_kind: text
---
.FMHIHNH4_QHxbUqdVmS1A.coated{color:#fff;background-color:green}.FMHIHNH4_QHxbUqdVmS1A.coated:after{content:"Colored";color:#000;background-color:#00f}.FMHIHNH4_QHxbUqdVmS1A.coated:after:hover{-ms-transform:scale(2);transform:scale(2)}.FMHIHNH4_QHxbUqdVmS1A.coated:hover{-ms-transform:translate(10%);transform:translate(10%)}.FMHIHNH4_QHxbUqdVmS1A.coated-dark{color:#c6c6c6;background-color:#0ff}.FMHIHNH4_QHxbUqdVmS1A.coated-dark:after{content:"Colored";color:red;background-color:#00f}.FMHIHNH4_QHxbUqdVmS1A.coated-dark:after:hover{-ms-transform:scale(2);transform:scale(2)}.FMHIHNH4_QHxbUqdVmS1A.coated-dark:hover{-ms-transform:translate(10%);transform:translate(10%)}.FMHIHNH4_QHxbUqdVmS1A.coated-dark a.FMHIHNH4_QHxbUqdVmS1A{color:#c6c6c6;background-color:#0ff}.FMHIHNH4_QHxbUqdVmS1A.coated-dark a.FMHIHNH4_QHxbUqdVmS1A:after{content:"Colored";color:#00f;background-color:#00f}.FMHIHNH4_QHxbUqdVmS1A.coated-dark a.FMHIHNH4_QHxbUqdVmS1A:after:hover{-ms-transform:scale(2);transform:scale(2)}.FMHIHNH4_QHxbUqdVmS1A.coated-dark a.FMHIHNH4_QHxbUqdVmS1A:hover{-ms-transform:translate(10%);transform:translate(10%)}.FMHIHNH4_QHxbUqdVmS1A.coated-dark a.FMHIHNH4_QHxbUqdVmS1A img.FMHIHNH4_QHxbUqdVmS1A{color:#fff;background-color:green}.FMHIHNH4_QHxbUqdVmS1A.coated-dark a.FMHIHNH4_QHxbUqdVmS1A img.FMHIHNH4_QHxbUqdVmS1A:after{content:"Colored";color:#000;background-color:#00f}.FMHIHNH4_QHxbUqdVmS1A.coated-dark a.FMHIHNH4_QHxbUqdVmS1A img.FMHIHNH4_QHxbUqdVmS1A:after:hover{-ms-transform:scale(2);transform:scale(2)}.FMHIHNH4_QHxbUqdVmS1A.coated-dark a.FMHIHNH4_QHxbUqdVmS1A img.FMHIHNH4_QHxbUqdVmS1A:hover{-ms-transform:translate(10%);transform:translate(10%)}.FMHIHNH4_QHxbUqdVmS1A.coated span.FMHIHNH4_QHxbUqdVmS1A{color:#c6c6c6;background-color:#0ff;display:block}.FMHIHNH4_QHxbUqdVmS1A.coated span.FMHIHNH4_QHxbUqdVmS1A:after{content:"Colored";color:green;background-color:#00f}.FMHIHNH4_QHxbUqdVmS1A.coated span.FMHIHNH4_QHxbUqdVmS1A:after:hover{-ms-transform:scale(2);transform:scale(2)}.FMHIHNH4_QHxbUqdVmS1A.coated span.FMHIHNH4_QHxbUqdVmS1A:hover{-ms-transform:translate(10%);transform:translate(10%)}
