---
source: tests/macros.rs
assertion_line: 183
input_file: tests/sabry_output/bundle.css
snapshot_kind: text
---
.smfXzGrnTs2kl9jPP0nk6w.fuzz{background-color:red;display:block}.smfXzGrnTs2kl9jPP0nk6w.fuzz-dark{color:#fff;background-color:#000}.smfXzGrnTs2kl9jPP0nk6w.fuzz-dark a.smfXzGrnTs2kl9jPP0nk6w{text-transform:uppercase}.smfXzGrnTs2kl9jPP0nk6w.fuzz-dark a.smfXzGrnTs2kl9jPP0nk6w img.smfXzGrnTs2kl9jPP0nk6w{position:absolute;top:0;left:10rem}.smfXzGrnTs2kl9jPP0nk6w.fuzz span.smfXzGrnTs2kl9jPP0nk6w{grid-template-areas:"a b c""d e f""x x x";display:block;position:relative}.FT5yVVwswyLvNU3dIk0qw.fuzz{background-color:red;display:block}.FT5yVVwswyLvNU3dIk0qw.fuzz-dark{color:#fff;background-color:#000}.FT5yVVwswyLvNU3dIk0qw.fuzz-dark a.FT5yVVwswyLvNU3dIk0qw{text-transform:uppercase}.FT5yVVwswyLvNU3dIk0qw.fuzz-dark a.FT5yVVwswyLvNU3dIk0qw img.FT5yVVwswyLvNU3dIk0qw{position:absolute;top:0;left:10rem}.FT5yVVwswyLvNU3dIk0qw.fuzz span.FT5yVVwswyLvNU3dIk0qw{grid-template-areas:"a b c""d e f""x x x";display:block;position:relative}.n5vGKZlIscA58H8d7ZMOhSw.coated{color:#fff;background-color:green}.n5vGKZlIscA58H8d7ZMOhSw.coated:after{content:"Colored";color:#000;background-color:#00f}.n5vGKZlIscA58H8d7ZMOhSw.coated:after:hover{-ms-transform:scale(2);transform:scale(2)}.n5vGKZlIscA58H8d7ZMOhSw.coated:hover{-ms-transform:translate(10%);transform:translate(10%)}.n5vGKZlIscA58H8d7ZMOhSw.coated-dark{color:#c6c6c6;background-color:#0ff}.n5vGKZlIscA58H8d7ZMOhSw.coated-dark:after{content:"Colored";color:red;background-color:#00f}.n5vGKZlIscA58H8d7ZMOhSw.coated-dark:after:hover{-ms-transform:scale(2);transform:scale(2)}.n5vGKZlIscA58H8d7ZMOhSw.coated-dark:hover{-ms-transform:translate(10%);transform:translate(10%)}.n5vGKZlIscA58H8d7ZMOhSw.coated-dark a.n5vGKZlIscA58H8d7ZMOhSw{color:#c6c6c6;background-color:#0ff}.n5vGKZlIscA58H8d7ZMOhSw.coated-dark a.n5vGKZlIscA58H8d7ZMOhSw:after{content:"Colored";color:#00f;background-color:#00f}.n5vGKZlIscA58H8d7ZMOhSw.coated-dark a.n5vGKZlIscA58H8d7ZMOhSw:after:hover{-ms-transform:scale(2);transform:scale(2)}.n5vGKZlIscA58H8d7ZMOhSw.coated-dark a.n5vGKZlIscA58H8d7ZMOhSw:hover{-ms-transform:translate(10%);transform:translate(10%)}.n5vGKZlIscA58H8d7ZMOhSw.coated-dark a.n5vGKZlIscA58H8d7ZMOhSw img.n5vGKZlIscA58H8d7ZMOhSw{color:#fff;background-color:green}.n5vGKZlIscA58H8d7ZMOhSw.coated-dark a.n5vGKZlIscA58H8d7ZMOhSw img.n5vGKZlIscA58H8d7ZMOhSw:after{content:"Colored";color:#000;background-color:#00f}.n5vGKZlIscA58H8d7ZMOhSw.coated-dark a.n5vGKZlIscA58H8d7ZMOhSw img.n5vGKZlIscA58H8d7ZMOhSw:after:hover{-ms-transform:scale(2);transform:scale(2)}.n5vGKZlIscA58H8d7ZMOhSw.coated-dark a.n5vGKZlIscA58H8d7ZMOhSw img.n5vGKZlIscA58H8d7ZMOhSw:hover{-ms-transform:translate(10%);transform:translate(10%)}.n5vGKZlIscA58H8d7ZMOhSw.coated span.n5vGKZlIscA58H8d7ZMOhSw{color:#c6c6c6;background-color:#0ff;display:block}.n5vGKZlIscA58H8d7ZMOhSw.coated span.n5vGKZlIscA58H8d7ZMOhSw:after{content:"Colored";color:green;background-color:#00f}.n5vGKZlIscA58H8d7ZMOhSw.coated span.n5vGKZlIscA58H8d7ZMOhSw:after:hover{-ms-transform:scale(2);transform:scale(2)}.n5vGKZlIscA58H8d7ZMOhSw.coated span.n5vGKZlIscA58H8d7ZMOhSw:hover{-ms-transform:translate(10%);transform:translate(10%)}.n6ROVrVzYikGtxgKBYy11kA.coated{color:#fff;background-color:green}.n6ROVrVzYikGtxgKBYy11kA.coated:after{content:"Colored";color:#000;background-color:#00f}.n6ROVrVzYikGtxgKBYy11kA.coated:after:hover{-ms-transform:scale(2);transform:scale(2)}.n6ROVrVzYikGtxgKBYy11kA.coated:hover{-ms-transform:translate(10%);transform:translate(10%)}.n6ROVrVzYikGtxgKBYy11kA.coated-dark{color:#c6c6c6;background-color:#0ff}.n6ROVrVzYikGtxgKBYy11kA.coated-dark:after{content:"Colored";color:red;background-color:#00f}.n6ROVrVzYikGtxgKBYy11kA.coated-dark:after:hover{-ms-transform:scale(2);transform:scale(2)}.n6ROVrVzYikGtxgKBYy11kA.coated-dark:hover{-ms-transform:translate(10%);transform:translate(10%)}.n6ROVrVzYikGtxgKBYy11kA.coated-dark a.n6ROVrVzYikGtxgKBYy11kA{color:#c6c6c6;background-color:#0ff}.n6ROVrVzYikGtxgKBYy11kA.coated-dark a.n6ROVrVzYikGtxgKBYy11kA:after{content:"Colored";color:#00f;background-color:#00f}.n6ROVrVzYikGtxgKBYy11kA.coated-dark a.n6ROVrVzYikGtxgKBYy11kA:after:hover{-ms-transform:scale(2);transform:scale(2)}.n6ROVrVzYikGtxgKBYy11kA.coated-dark a.n6ROVrVzYikGtxgKBYy11kA:hover{-ms-transform:translate(10%);transform:translate(10%)}.n6ROVrVzYikGtxgKBYy11kA.coated-dark a.n6ROVrVzYikGtxgKBYy11kA img.n6ROVrVzYikGtxgKBYy11kA{color:#fff;background-color:green}.n6ROVrVzYikGtxgKBYy11kA.coated-dark a.n6ROVrVzYikGtxgKBYy11kA img.n6ROVrVzYikGtxgKBYy11kA:after{content:"Colored";color:#000;background-color:#00f}.n6ROVrVzYikGtxgKBYy11kA.coated-dark a.n6ROVrVzYikGtxgKBYy11kA img.n6ROVrVzYikGtxgKBYy11kA:after:hover{-ms-transform:scale(2);transform:scale(2)}.n6ROVrVzYikGtxgKBYy11kA.coated-dark a.n6ROVrVzYikGtxgKBYy11kA img.n6ROVrVzYikGtxgKBYy11kA:hover{-ms-transform:translate(10%);transform:translate(10%)}.n6ROVrVzYikGtxgKBYy11kA.coated span.n6ROVrVzYikGtxgKBYy11kA{color:#c6c6c6;background-color:#0ff;display:block}.n6ROVrVzYikGtxgKBYy11kA.coated span.n6ROVrVzYikGtxgKBYy11kA:after{content:"Colored";color:green;background-color:#00f}.n6ROVrVzYikGtxgKBYy11kA.coated span.n6ROVrVzYikGtxgKBYy11kA:after:hover{-ms-transform:scale(2);transform:scale(2)}.n6ROVrVzYikGtxgKBYy11kA.coated span.n6ROVrVzYikGtxgKBYy11kA:hover{-ms-transform:translate(10%);transform:translate(10%)}.qK4fsMeZRSTGObSesXXRBA.coated{color:#fff;background-color:green}.qK4fsMeZRSTGObSesXXRBA.coated:after{content:"Colored";color:#000;background-color:#00f}.qK4fsMeZRSTGObSesXXRBA.coated:after:hover{-ms-transform:scale(2);transform:scale(2)}.qK4fsMeZRSTGObSesXXRBA.coated:hover{-ms-transform:translate(10%);transform:translate(10%)}.qK4fsMeZRSTGObSesXXRBA.coated-dark{color:#c6c6c6;background-color:#0ff}.qK4fsMeZRSTGObSesXXRBA.coated-dark:after{content:"Colored";color:red;background-color:#00f}.qK4fsMeZRSTGObSesXXRBA.coated-dark:after:hover{-ms-transform:scale(2);transform:scale(2)}.qK4fsMeZRSTGObSesXXRBA.coated-dark:hover{-ms-transform:translate(10%);transform:translate(10%)}.qK4fsMeZRSTGObSesXXRBA.coated-dark a.qK4fsMeZRSTGObSesXXRBA{color:#c6c6c6;background-color:#0ff}.qK4fsMeZRSTGObSesXXRBA.coated-dark a.qK4fsMeZRSTGObSesXXRBA:after{content:"Colored";color:#00f;background-color:#00f}.qK4fsMeZRSTGObSesXXRBA.coated-dark a.qK4fsMeZRSTGObSesXXRBA:after:hover{-ms-transform:scale(2);transform:scale(2)}.qK4fsMeZRSTGObSesXXRBA.coated-dark a.qK4fsMeZRSTGObSesXXRBA:hover{-ms-transform:translate(10%);transform:translate(10%)}.qK4fsMeZRSTGObSesXXRBA.coated-dark a.qK4fsMeZRSTGObSesXXRBA img.qK4fsMeZRSTGObSesXXRBA{color:#fff;background-color:green}.qK4fsMeZRSTGObSesXXRBA.coated-dark a.qK4fsMeZRSTGObSesXXRBA img.qK4fsMeZRSTGObSesXXRBA:after{content:"Colored";color:#000;background-color:#00f}.qK4fsMeZRSTGObSesXXRBA.coated-dark a.qK4fsMeZRSTGObSesXXRBA img.qK4fsMeZRSTGObSesXXRBA:after:hover{-ms-transform:scale(2);transform:scale(2)}.qK4fsMeZRSTGObSesXXRBA.coated-dark a.qK4fsMeZRSTGObSesXXRBA img.qK4fsMeZRSTGObSesXXRBA:hover{-ms-transform:translate(10%);transform:translate(10%)}.qK4fsMeZRSTGObSesXXRBA.coated span.qK4fsMeZRSTGObSesXXRBA{color:#c6c6c6;background-color:#0ff;display:block}.qK4fsMeZRSTGObSesXXRBA.coated span.qK4fsMeZRSTGObSesXXRBA:after{content:"Colored";color:green;background-color:#00f}.qK4fsMeZRSTGObSesXXRBA.coated span.qK4fsMeZRSTGObSesXXRBA:after:hover{-ms-transform:scale(2);transform:scale(2)}.qK4fsMeZRSTGObSesXXRBA.coated span.qK4fsMeZRSTGObSesXXRBA:hover{-ms-transform:translate(10%);transform:translate(10%)}.FMHIHNH4_QHxbUqdVmS1A.coated{color:#fff;background-color:green}.FMHIHNH4_QHxbUqdVmS1A.coated:after{content:"Colored";color:#000;background-color:#00f}.FMHIHNH4_QHxbUqdVmS1A.coated:after:hover{-ms-transform:scale(2);transform:scale(2)}.FMHIHNH4_QHxbUqdVmS1A.coated:hover{-ms-transform:translate(10%);transform:translate(10%)}.FMHIHNH4_QHxbUqdVmS1A.coated-dark{color:#c6c6c6;background-color:#0ff}.FMHIHNH4_QHxbUqdVmS1A.coated-dark:after{content:"Colored";color:red;background-color:#00f}.FMHIHNH4_QHxbUqdVmS1A.coated-dark:after:hover{-ms-transform:scale(2);transform:scale(2)}.FMHIHNH4_QHxbUqdVmS1A.coated-dark:hover{-ms-transform:translate(10%);transform:translate(10%)}.FMHIHNH4_QHxbUqdVmS1A.coated-dark a.FMHIHNH4_QHxbUqdVmS1A{color:#c6c6c6;background-color:#0ff}.FMHIHNH4_QHxbUqdVmS1A.coated-dark a.FMHIHNH4_QHxbUqdVmS1A:after{content:"Colored";color:#00f;background-color:#00f}.FMHIHNH4_QHxbUqdVmS1A.coated-dark a.FMHIHNH4_QHxbUqdVmS1A:after:hover{-ms-transform:scale(2);transform:scale(2)}.FMHIHNH4_QHxbUqdVmS1A.coated-dark a.FMHIHNH4_QHxbUqdVmS1A:hover{-ms-transform:translate(10%);transform:translate(10%)}.FMHIHNH4_QHxbUqdVmS1A.coated-dark a.FMHIHNH4_QHxbUqdVmS1A img.FMHIHNH4_QHxbUqdVmS1A{color:#fff;background-color:green}.FMHIHNH4_QHxbUqdVmS1A.coated-dark a.FMHIHNH4_QHxbUqdVmS1A img.FMHIHNH4_QHxbUqdVmS1A:after{content:"Colored";color:#000;background-color:#00f}.FMHIHNH4_QHxbUqdVmS1A.coated-dark a.FMHIHNH4_QHxbUqdVmS1A img.FMHIHNH4_QHxbUqdVmS1A:after:hover{-ms-transform:scale(2);transform:scale(2)}.FMHIHNH4_QHxbUqdVmS1A.coated-dark a.FMHIHNH4_QHxbUqdVmS1A img.FMHIHNH4_QHxbUqdVmS1A:hover{-ms-transform:translate(10%);transform:translate(10%)}.FMHIHNH4_QHxbUqdVmS1A.coated span.FMHIHNH4_QHxbUqdVmS1A{color:#c6c6c6;background-color:#0ff;display:block}.FMHIHNH4_QHxbUqdVmS1A.coated span.FMHIHNH4_QHxbUqdVmS1A:after{content:"Colored";color:green;background-color:#00f}.FMHIHNH4_QHxbUqdVmS1A.coated span.FMHIHNH4_QHxbUqdVmS1A:after:hover{-ms-transform:scale(2);transform:scale(2)}.FMHIHNH4_QHxbUqdVmS1A.coated span.FMHIHNH4_QHxbUqdVmS1A:hover{-ms-transform:translate(10%);transform:translate(10%)}.rWkBO00R__2y_lbRfXlyg.el1{color:red}.rWkBO00R__2y_lbRfXlyg.el1-mob{color:#00f}.rWkBO00R__2y_lbRfXlyg.el1__blist{list-style:none}.rWkBO00R__2y_lbRfXlyg.el2{color:#fff}.rWkBO00R__2y_lbRfXlyg.el2-mob{color:#000}.rWkBO00R__2y_lbRfXlyg.el2__blist{background:#fff}.rWkBO00R__2y_lbRfXlyg.el2__blist-mob{background:#000}.YYYksiQMfU3exD720ckMbA.el1{color:red}.YYYksiQMfU3exD720ckMbA.el1-mob{color:#00f}.YYYksiQMfU3exD720ckMbA.el1__blist{list-style:none}.YYYksiQMfU3exD720ckMbA.el2{color:#fff}.YYYksiQMfU3exD720ckMbA.el2-mob{color:#000}.YYYksiQMfU3exD720ckMbA.el2__blist{background:#fff}.YYYksiQMfU3exD720ckMbA.el2__blist-mob{background:#000}
